---
source: src/lsp.rs
expression: "server.send_request::<request::References>(ReferenceParams {\n        text_document_position: TextDocumentPositionParams {\n            text_document: TextDocumentIdentifier::new(uri.clone()),\n            position: Position::new(0, 0),\n        },\n        context: ReferenceContext { include_declaration: false },\n        work_done_progress_params: WorkDoneProgressParams::default(),\n        partial_result_params: PartialResultParams::default(),\n    })"
---
Ok(
    None,
)
